// Jest Snapshot v1, https://goo.gl/fbAQLP

exports[`Footer.vue test snapshot test 1`] = `[Function]`;
