// Jest Snapshot v1, https://goo.gl/fbAQLP

exports[`Navbar.vue Test Has the expected HTML structure 1`] = `
<div class="navbar">
  <nav>
    <div>
      <router-link to="/"><img alt="Logo" id="logo"></router-link>
    </div>
    <ul>
      <li>
        <router-link to="[object Object]">Produkte</router-link>
        <ul></ul>
      </li>
      <li>
        <router-link to="/rooms">RÃ¤ume</router-link>
        <ul></ul>
      </li>
      <div class="navright">
        <li>
          <div class="search-box"><input class="search-txt" placeholder="Suchen"><a class="search-btn"><img alt=""></a></div>
        </li>
        <li>
          <div id="margin">
            <router-link to="/cart" id="hitbox"><img alt="cart" id="icon1">
              <!--v-if-->
            </router-link>
          </div>
        </li>
        <li>
          <div id="margin">
            <router-link to="/profile" id="hitbox"><img alt="profile" id="icon2"></router-link>
          </div>
        </li>
      </div>
    </ul>
  </nav>
</div>
`;
