// Jest Snapshot v1, https://goo.gl/fbAQLP

exports[`Test room.vue has the expected html structur 1`] = `
<div class="roomList">
  <router-link to="[object Object]">
    <div class="room listOrder"><img src="" class="pic" alt="Picture">
      <div class="roomName">Bad</div>
    </div>
  </router-link>
  <router-link to="[object Object]">
    <div class="room listOrder"><img src="" class="pic" alt="Picture">
      <div class="roomName">Schlafzimmer</div>
    </div>
  </router-link>
  <router-link to="[object Object]">
    <div class="room listOrder"><img src="" class="pic" alt="Picture">
      <div class="roomName">KÃ¼che</div>
    </div>
  </router-link>
  <router-link to="[object Object]">
    <div class="room listOrder"><img src="" class="pic" alt="Picture">
      <div class="roomName">Wohnzimmer</div>
    </div>
  </router-link>
  <router-link to="[object Object]">
    <div class="room listOrder"><img src="" class="pic" alt="Picture">
      <div class="roomName">Esszimmer</div>
    </div>
  </router-link>
  <router-link to="[object Object]">
    <div class="room listOrder"><img src="" class="pic" alt="Picture">
      <div class="roomName">Arbeitszimmer</div>
    </div>
  </router-link>
</div>
`;
