// Jest Snapshot v1, https://goo.gl/fbAQLP

exports[`Register.vue test Snapshot test 1`] = `
<div class="register">
  <h1 align="center">Registrieren</h1>
  <form>
    <div class="row">
      <div class="col1"><label for="firstname" class="left"> Vorname∗ </label></div>
      <div class="col2"><input type="text" name="firstname" size="30" maxlenght="50" class="right" pattern="^[a-zA-Z]+(([',. -][a-zA-Z ])?[a-zA-Z]*)*$" required="" placeholder="Max">
        <div class="error"></div>
      </div>
    </div>
    <div class="row">
      <div class="col1"><label for="lastname" class="left">Nachname∗</label></div>
      <div class="col2"><input type="text" name="lastname" size="30" maxlenght="50" class="right" pattern="^[a-zA-Z]+(([',. -][a-zA-Z ])?[a-zA-Z]*)*$" required="" placeholder="Mustermann">
        <div class="error"></div>
      </div>
    </div>
    <div class="row">
      <div class="col1"><label for="email" class="left">Email-Adresse∗</label></div>
      <div class="col2"><input type="text" name="email" size="30" maxlenght="50" class="right" required="" placeholder="max.mustermann@gmail.com">
        <div class="error"></div>
      </div>
    </div>
    <div class="row">
      <div class="col1"><label for="birthdate" class="left">Geburtsdatum∗</label></div>
      <div class="col2"><input type="date" name="birthdate" min="1921-02-12" size="30" maxlenght="50" class="right" required="">
        <div class="error"></div>
      </div>
    </div>
    <div class="row">
      <div class="col1"><label for="gender" class="left">Geschlecht∗</label></div>
      <div class="col2"><select name="gender" required="">
          <option value="FEMALE">weiblich</option>
          <option value="MALE">männlich</option>
          <option value="DIVERSE">divers</option>
        </select>
        <div class="error"></div>
      </div>
    </div>
    <div class="row">
      <div class="col1"><label for="password" class="left">Passwort∗</label></div>
      <div class="col2"><input id="pw1" type="password" name="password" size="30" maxlenght="50" class="right" required="">
        <div class="correct"> ✿ Das Passwort muss mindestens 8 Zeichen besitzen. </div>
        <div class="correct"> ✿ Das Passwort muss mindestens ein Sonderzeichen besitzen. </div>
        <div class="correct"> ✿ Das Passwort muss mindestens eine Zahl besitzen. </div>
      </div>
    </div>
    <div class="row">
      <div class="col1"><label for="password" class="left">Passwort wiederholen∗</label></div>
      <div class="col2"><input id="pw2" type="password" name="password" size="30" maxlenght="50" class="right" required="">
        <div class="error"></div>
        <div class="error"></div>
      </div>
    </div>
    <div class="row"><input type="submit" name="registerUser" value="Registrieren"></div>
    <div class="row"> Bereits regestriert? <router-link id="link" to="/login">Hier einloggen</router-link>
    </div>
  </form>
</div>
`;
